2025-11-06 01:05:14,244 - INFO - Using device: cuda
2025-11-06 01:06:26,655 - INFO - Source vocab size: 40748, Target vocab size: 23709
2025-11-06 01:06:38,999 - INFO - Model created with 28,116,159 trainable parameters.
2025-11-06 01:57:14,244 - INFO - Using device: cuda
2025-11-06 01:58:26,655 - INFO - Source vocab size: 40748, Target vocab size: 23709
2025-11-06 01:58:38,999 - INFO - Model created with 28,116,159 trainable parameters.
2025-11-06 02:25:41,210 - INFO - Epoch 1 Training Loss: 9.9425
2025-11-06 02:30:52,724 - INFO - Epoch 1 Validation Loss: 10.5155
2025-11-06 02:31:01,068 - INFO - Best model saved to results/best_model.pt
2025-11-06 02:56:18,879 - INFO - Epoch 2 Training Loss: 9.1433
2025-11-06 03:01:29,393 - INFO - Epoch 2 Validation Loss: 8.1220
2025-11-06 03:01:38,737 - INFO - Best model saved to results/best_model.pt
2025-11-06 03:26:27,548 - INFO - Epoch 3 Training Loss: 8.3239
2025-11-06 03:31:44,062 - INFO - Epoch 3 Validation Loss: 6.3625
2025-11-06 03:31:53,406 - INFO - Best model saved to results/best_model.pt
2025-11-06 03:57:01,117 - INFO - Epoch 4 Training Loss: 7.6922
2025-11-06 04:02:18,631 - INFO - Epoch 4 Validation Loss: 5.4892
2025-11-06 04:02:27,975 - INFO - Best model saved to results/best_model.pt
2025-11-06 04:27:34,786 - INFO - Epoch 5 Training Loss: 7.3265
2025-11-06 04:32:46,300 - INFO - Epoch 5 Validation Loss: 4.9241
2025-11-06 04:32:58,644 - INFO - Best model saved to results/best_model.pt
2025-11-06 04:58:01,055 - INFO - Epoch 6 Training Loss: 6.8872
2025-11-06 05:03:13,569 - INFO - Epoch 6 Validation Loss: 4.4833
2025-11-06 05:03:22,913 - INFO - Best model saved to results/best_model.pt
2025-11-06 05:28:38,624 - INFO - Epoch 7 Training Loss: 6.3576
2025-11-06 05:33:49,138 - INFO - Epoch 7 Validation Loss: 4.4446
2025-11-06 05:33:58,482 - INFO - Best model saved to results/best_model.pt
2025-11-06 05:58:07,293 - INFO - Epoch 8 Training Loss: 6.0708
2025-11-06 06:03:22,807 - INFO - Epoch 8 Validation Loss: 4.3140
2025-11-06 06:03:32,151 - INFO - Best model saved to results/best_model.pt
2025-11-06 06:28:39,962 - INFO - Epoch 9 Training Loss: 5.7111
2025-11-06 06:33:51,476 - INFO - Epoch 9 Validation Loss: 4.2176
2025-11-06 06:34:00,820 - INFO - Best model saved to results/best_model.pt
2025-11-06 06:59:09,531 - INFO - Epoch 10 Training Loss: 5.3777
2025-11-06 07:04:27,045 - INFO - Epoch 10 Validation Loss: 4.1558
2025-11-06 07:04:36,389 - INFO - Best model saved to results/best_model.pt
2025-11-06 07:29:45,100 - INFO - Epoch 11 Training Loss: 5.1977
2025-11-06 07:34:54,614 - INFO - Epoch 11 Validation Loss: 4.0598
2025-11-06 07:35:09,958 - INFO - Best model saved to results/best_model.pt
2025-11-06 08:00:11,769 - INFO - Epoch 12 Training Loss: 5.0486
2025-11-06 08:05:27,283 - INFO - Epoch 12 Validation Loss: 4.1038
2025-11-06 08:05:36,627 - INFO - Best model saved to results/best_model.pt
2025-11-06 08:30:45,338 - INFO - Epoch 13 Training Loss: 4.7911
2025-11-06 08:35:54,852 - INFO - Epoch 13 Validation Loss: 4.0993
2025-11-06 08:36:04,196 - INFO - Best model saved to results/best_model.pt
2025-11-06 09:01:12,907 - INFO - Epoch 14 Training Loss: 4.7033
2025-11-06 09:06:29,421 - INFO - Epoch 14 Validation Loss: 4.0746
2025-11-06 09:06:38,765 - INFO - Best model saved to results/best_model.pt
2025-11-06 09:31:47,476 - INFO - Epoch 15 Training Loss: 4.3989
2025-11-06 09:36:55,990 - INFO - Epoch 15 Validation Loss: 4.0995
2025-11-06 09:37:05,334 - INFO - Best model saved to results/best_model.pt
2025-11-06 10:02:14,045 - INFO - Epoch 16 Training Loss: 4.4134
2025-11-06 10:07:32,559 - INFO - Epoch 16 Validation Loss: 4.1180
2025-11-06 10:07:41,903 - INFO - Best model saved to results/best_model.pt
2025-11-06 10:32:50,614 - INFO - Epoch 17 Training Loss: 4.2842
2025-11-06 10:37:57,128 - INFO - Epoch 17 Validation Loss: 4.1631
2025-11-06 10:38:11,472 - INFO - Best model saved to results/best_model.pt
2025-11-06 11:03:19,233 - INFO - Epoch 18 Training Loss: 4.1831
2025-11-06 11:08:34,747 - INFO - Epoch 18 Validation Loss: 4.1064
2025-11-06 11:08:44,091 - INFO - Best model saved to results/best_model.pt
2025-11-06 11:33:52,802 - INFO - Epoch 19 Training Loss: 4.1176
2025-11-06 11:39:01,316 - INFO - Epoch 19 Validation Loss: 4.1076
2025-11-06 11:39:13,660 - INFO - Best model saved to results/best_model.pt
2025-11-06 12:04:22,371 - INFO - Epoch 20 Training Loss: 3.9955
2025-11-06 12:09:39,885 - INFO - Epoch 20 Validation Loss: 4.0987
2025-11-06 12:09:49,229 - INFO - Best model saved to results/best_model.pt
2025-11-06 12:34:57,940 - INFO - Epoch 21 Training Loss: 3.9839
2025-11-06 12:40:06,454 - INFO - Epoch 21 Validation Loss: 4.0587
2025-11-06 12:40:15,798 - INFO - Best model saved to results/best_model.pt
2025-11-06 13:05:24,509 - INFO - Epoch 22 Training Loss: 3.9463
2025-11-06 13:10:33,023 - INFO - Epoch 22 Validation Loss: 4.0997
2025-11-06 13:10:45,367 - INFO - Best model saved to results/best_model.pt
2025-11-06 13:35:54,178 - INFO - Epoch 23 Training Loss: 3.9247
2025-11-06 13:40:02,692 - INFO - Epoch 23 Validation Loss: 4.1012
2025-11-06 13:40:12,036 - INFO - Best model saved to results/best_model.pt
2025-11-06 14:05:20,747 - INFO - Epoch 24 Training Loss: 3.8458
2025-11-06 14:10:38,261 - INFO - Epoch 24 Validation Loss: 4.1396
2025-11-06 14:10:47,605 - INFO - Best model saved to results/best_model.pt
2025-11-06 14:35:56,316 - INFO - Epoch 25 Training Loss: 3.8081
2025-11-06 14:41:04,830 - INFO - Epoch 25 Validation Loss: 4.0972
2025-11-06 14:41:19,174 - INFO - Best model saved to results/best_model.pt
2025-11-06 15:06:27,885 - INFO - Epoch 26 Training Loss: 3.7851
2025-11-06 15:11:35,399 - INFO - Epoch 26 Validation Loss: 4.1040
2025-11-06 15:11:44,743 - INFO - Best model saved to results/best_model.pt
2025-11-06 15:36:53,454 - INFO - Epoch 27 Training Loss: 3.7817
2025-11-06 15:42:11,968 - INFO - Epoch 27 Validation Loss: 4.0996
2025-11-06 15:42:21,312 - INFO - Best model saved to results/best_model.pt
2025-11-06 16:07:30,023 - INFO - Epoch 28 Training Loss: 3.7506
2025-11-06 16:12:38,537 - INFO - Epoch 28 Validation Loss: 4.0874
2025-11-06 16:12:52,881 - INFO - Best model saved to results/best_model.pt
2025-11-06 16:38:01,592 - INFO - Epoch 29 Training Loss: 3.7202
2025-11-06 16:43:10,106 - INFO - Epoch 29 Validation Loss: 4.1111
2025-11-06 16:43:22,450 - INFO - Best model saved to results/best_model.pt
2025-11-06 17:08:31,161 - INFO - Epoch 30 Training Loss: 3.7164
2025-11-06 17:13:39,675 - INFO - Epoch 30 Validation Loss: 4.1066
2025-11-06 17:13:49,019 - INFO - Best model saved to results/best_model.pt
2025-11-06 17:13:56,430 - INFO - Training complete.