2025-11-07 10:00:18,543 - INFO - Using device: cuda
2025-11-07 10:00:31,981 - INFO - Source vocab size: 40748, Target vocab size: 23709
2025-11-07 10:00:43,223 - INFO - Model created with 28,116,159 trainable parameters.
2025-11-07 10:25:47,434 - INFO - Epoch 1 Training Loss: 10.1126
2025-11-07 10:30:59,848 - INFO - Epoch 1 Validation Loss: 10.6256
2025-11-07 10:31:09,192 - INFO - Best model saved to results/best_model.pt
2025-11-07 10:56:17,003 - INFO - Epoch 2 Training Loss: 9.5558
2025-11-07 11:01:34,517 - INFO - Epoch 2 Validation Loss: 9.2565
2025-11-07 11:01:43,861 - INFO - Best model saved to results/best_model.pt
2025-11-07 11:26:52,672 - INFO - Epoch 3 Training Loss: 9.2508
2025-11-07 11:31:01,186 - INFO - Epoch 3 Validation Loss: 8.2157
2025-11-07 11:31:10,530 - INFO - Best model saved to results/best_model.pt
2025-11-07 11:57:19,291 - INFO - Epoch 4 Training Loss: 9.2413
2025-11-07 12:02:27,805 - INFO - Epoch 4 Validation Loss: 7.4825
2025-11-07 12:02:37,149 - INFO - Best model saved to results/best_model.pt
2025-11-07 12:27:45,860 - INFO - Epoch 5 Training Loss: 8.8925
2025-11-07 12:32:54,374 - INFO - Epoch 5 Validation Loss: 6.8494
2025-11-07 12:33:08,718 - INFO - Best model saved to results/best_model.pt
2025-11-07 12:58:17,429 - INFO - Epoch 6 Training Loss: 8.8007
2025-11-07 13:03:25,943 - INFO - Epoch 6 Validation Loss: 6.7457
2025-11-07 13:03:35,287 - INFO - Best model saved to results/best_model.pt
2025-11-07 13:28:43,998 - INFO - Epoch 7 Training Loss: 8.5541
2025-11-07 13:34:01,512 - INFO - Epoch 7 Validation Loss: 6.2745
2025-11-07 13:34:10,856 - INFO - Best model saved to results/best_model.pt
2025-11-07 13:59:19,567 - INFO - Epoch 8 Training Loss: 8.2863
2025-11-07 14:04:28,081 - INFO - Epoch 8 Validation Loss: 6.2343
2025-11-07 14:04:37,425 - INFO - Best model saved to results/best_model.pt
2025-11-07 14:29:46,136 - INFO - Epoch 9 Training Loss: 8.0111
2025-11-07 14:35:04,650 - INFO - Epoch 9 Validation Loss: 6.1059
2025-11-07 14:35:13,994 - INFO - Best model saved to results/best_model.pt
2025-11-07 14:59:22,705 - INFO - Epoch 10 Training Loss: 7.7695
2025-11-07 15:04:31,219 - INFO - Epoch 10 Validation Loss: 6.1355
2025-11-07 15:04:40,563 - INFO - Best model saved to results/best_model.pt
2025-11-07 15:29:49,274 - INFO - Epoch 11 Training Loss: 7.7362
2025-11-07 15:35:07,788 - INFO - Epoch 11 Validation Loss: 6.4238
2025-11-07 15:35:17,132 - INFO - Best model saved to results/best_model.pt
2025-11-07 16:00:25,843 - INFO - Epoch 12 Training Loss: 7.7262
2025-11-07 16:05:34,357 - INFO - Epoch 12 Validation Loss: 5.7907
2025-11-07 16:05:43,701 - INFO - Best model saved to results/best_model.pt
2025-11-07 16:30:52,412 - INFO - Epoch 13 Training Loss: 7.5207
2025-11-07 16:36:10,926 - INFO - Epoch 13 Validation Loss: 6.1305
2025-11-07 16:36:20,270 - INFO - Best model saved to results/best_model.pt
2025-11-07 17:01:28,981 - INFO - Epoch 14 Training Loss: 7.2540
2025-11-07 17:06:37,495 - INFO - Epoch 14 Validation Loss: 5.8139
2025-11-07 17:06:46,839 - INFO - Best model saved to results/best_model.pt
2025-11-07 17:31:55,540 - INFO - Epoch 15 Training Loss: 7.2668
2025-11-07 17:37:04,054 - INFO - Epoch 15 Validation Loss: 5.9573
2025-11-07 17:37:13,398 - INFO - Best model saved to results/best_model.pt
2025-11-07 18:02:22,109 - INFO - Epoch 16 Training Loss: 7.1725
2025-11-07 18:07:30,623 - INFO - Epoch 16 Validation Loss: 6.1426
2025-11-07 18:07:39,967 - INFO - Best model saved to results/best_model.pt
2025-11-07 18:32:48,678 - INFO - Epoch 17 Training Loss: 6.9641
2025-11-07 18:38:06,192 - INFO - Epoch 17 Validation Loss: 6.0149
2025-11-07 18:38:15,536 - INFO - Best model saved to results/best_model.pt
2025-11-07 19:03:24,207 - INFO - Epoch 18 Training Loss: 6.9504
2025-11-07 19:08:32,721 - INFO - Epoch 18 Validation Loss: 5.8849
2025-11-07 19:08:42,065 - INFO - Best model saved to results/best_model.pt
2025-11-07 19:33:50,776 - INFO - Epoch 19 Training Loss: 6.8523
2025-11-07 19:39:08,290 - INFO - Epoch 19 Validation Loss: 5.9268
2025-11-07 19:39:17,634 - INFO - Best model saved to results/best_model.pt
2025-11-07 20:04:26,345 - INFO - Epoch 20 Training Loss: 6.6841
2025-11-07 20:09:34,859 - INFO - Epoch 20 Validation Loss: 6.0722
2025-11-07 20:09:44,203 - INFO - Best model saved to results/best_model.pt
2025-11-07 20:34:52,914 - INFO - Epoch 21 Training Loss: 6.7087
2025-11-07 20:40:11,428 - INFO - Epoch 21 Validation Loss: 5.9293
2025-11-07 20:40:20,772 - INFO - Best model saved to results/best_model.pt
2025-11-07 21:05:29,483 - INFO - Epoch 22 Training Loss: 6.6470
2025-11-07 21:10:37,997 - INFO - Epoch 22 Validation Loss: 6.0216
2025-11-07 21:10:47,341 - INFO - Best model saved to results/best_model.pt
2025-11-07 21:35:56,052 - INFO - Epoch 23 Training Loss: 6.6082
2025-11-07 21:41:04,566 - INFO - Epoch 23 Validation Loss: 6.0048
2025-11-07 21:41:13,910 - INFO - Best model saved to results/best_model.pt
2025-11-07 22:06:22,621 - INFO - Epoch 24 Training Loss: 6.5396
2025-11-07 22:11:41,135 - INFO - Epoch 24 Validation Loss: 5.9433
2025-11-07 22:11:50,479 - INFO - Best model saved to results/best_model.pt
2025-11-07 22:36:59,190 - INFO - Epoch 25 Training Loss: 6.3454
2025-11-07 22:41:07,704 - INFO - Epoch 25 Validation Loss: 6.1809
2025-11-07 22:41:17,048 - INFO - Best model saved to results/best_model.pt
2025-11-07 23:06:25,759 - INFO - Epoch 26 Training Loss: 6.3162
2025-11-07 23:11:34,273 - INFO - Epoch 26 Validation Loss: 6.0515
2025-11-07 23:11:43,617 - INFO - Best model saved to results/best_model.pt
2025-11-07 23:36:52,328 - INFO - Epoch 27 Training Loss: 6.3382
2025-11-07 23:42:10,842 - INFO - Epoch 27 Validation Loss: 5.8427
2025-11-07 23:42:20,186 - INFO - Best model saved to results/best_model.pt
2025-11-08 00:07:28,897 - INFO - Epoch 28 Training Loss: 6.2887
2025-11-08 00:12:37,411 - INFO - Epoch 28 Validation Loss: 6.0140
2025-11-08 00:12:46,755 - INFO - Best model saved to results/best_model.pt
2025-11-08 00:37:55,466 - INFO - Epoch 29 Training Loss: 6.2426
2025-11-08 00:43:13,980 - INFO - Epoch 29 Validation Loss: 5.9526
2025-11-08 00:43:23,324 - INFO - Best model saved to results/best_model.pt
2025-11-08 01:08:31,995 - INFO - Epoch 30 Training Loss: 6.3405
2025-11-08 01:13:40,509 - INFO - Epoch 30 Validation Loss: 6.0588
2025-11-08 01:13:49,853 - INFO - Best model saved to results/best_model.pt
2025-11-08 01:13:58,264 - INFO - Training complete.