2025-11-07 03:59:19,138 - INFO - Using device: cuda
2025-11-07 03:59:28,738 - INFO - Source vocab size: 40748, Target vocab size: 23709
2025-11-07 03:59:33,737 - INFO - Model created with 28,116,159 trainable parameters.
2025-11-07 04:37:13,875 - INFO - Epoch 1 Training Loss: 10.0363
2025-11-07 04:41:34,546 - INFO - Epoch 1 Validation Loss: 10.0123
2025-11-07 04:41:35,640 - INFO - Best model saved to results/best_model.pt
2025-11-07 05:16:41,732 - INFO - Epoch 2 Training Loss: 9.9872
2025-11-07 05:20:23,977 - INFO - Epoch 2 Validation Loss: 9.9339
2025-11-07 05:20:26,788 - INFO - Best model saved to results/best_model.pt
2025-11-07 05:54:05,522 - INFO - Epoch 3 Training Loss: 9.9043
2025-11-07 05:58:22,906 - INFO - Epoch 3 Validation Loss: 9.8364
2025-11-07 05:58:25,747 - INFO - Best model saved to results/best_model.pt
2025-11-07 06:31:02,875 - INFO - Epoch 4 Training Loss: 9.8295
2025-11-07 06:35:19,271 - INFO - Epoch 4 Validation Loss: 9.7716
2025-11-07 06:35:22,092 - INFO - Best model saved to results/best_model.pt
2025-11-07 07:10:31,562 - INFO - Epoch 5 Training Loss: 9.7805
2025-11-07 07:14:51,276 - INFO - Epoch 5 Validation Loss: 9.7280
2025-11-07 07:14:54,267 - INFO - Best model saved to results/best_model.pt
2025-11-07 07:52:09,011 - INFO - Epoch 6 Training Loss: 9.7442
2025-11-07 07:56:59,457 - INFO - Epoch 6 Validation Loss: 9.6950
2025-11-07 07:57:02,352 - INFO - Best model saved to results/best_model.pt
2025-11-07 08:28:11,612 - INFO - Epoch 7 Training Loss: 9.7149
2025-11-07 08:33:02,288 - INFO - Epoch 7 Validation Loss: 9.6680
2025-11-07 08:33:05,187 - INFO - Best model saved to results/best_model.pt
2025-11-07 09:09:53,610 - INFO - Epoch 8 Training Loss: 9.6898
2025-11-07 09:13:59,753 - INFO - Epoch 8 Validation Loss: 9.6447
2025-11-07 09:14:02,642 - INFO - Best model saved to results/best_model.pt
2025-11-07 09:49:41,893 - INFO - Epoch 9 Training Loss: 9.6676
2025-11-07 09:53:48,028 - INFO - Epoch 9 Validation Loss: 9.6240
2025-11-07 09:53:50,872 - INFO - Best model saved to results/best_model.pt
2025-11-07 10:29:46,704 - INFO - Epoch 10 Training Loss: 9.6474
2025-11-07 10:34:36,628 - INFO - Epoch 10 Validation Loss: 9.6051
2025-11-07 10:34:39,511 - INFO - Best model saved to results/best_model.pt
2025-11-07 10:34:39,785 - INFO - Training complete.
