2025-11-05 9:58:08,451 - INFO - Using device: cuda
2025-11-05 9:59:21,889 - INFO - Source vocab size: 40748, Target vocab size: 23709
2025-11-05 9:59:32,131 - INFO - Model created with 28,116,159 trainable parameters.
2025-11-05 10:25:39,333 - INFO - Epoch 1 Training Loss: 10.0497
2025-11-05 10:30:47,765 - INFO - Epoch 1 Validation Loss: 10.4158
2025-11-05 10:30:58,019 - INFO - Best model saved to results/best_model.pt
2025-11-05 10:56:06,442 - INFO - Epoch 2 Training Loss: 8.8343
2025-11-05 11:01:12,857 - INFO - Epoch 2 Validation Loss: 8.0174
2025-11-05 11:01:23,211 - INFO - Best model saved to results/best_model.pt
2025-11-05 11:26:25,918 - INFO - Epoch 3 Training Loss: 7.9378
2025-11-05 11:31:44,432 - INFO - Epoch 3 Validation Loss: 6.1369
2025-11-05 11:31:52,775 - INFO - Best model saved to results/best_model.pt
2025-11-05 11:56:51,287 - INFO - Epoch 4 Training Loss: 7.1955
2025-11-05 12:02:08,690 - INFO - Epoch 4 Validation Loss: 5.0331
2025-11-05 12:02:16,134 - INFO - Best model saved to results/best_model.pt
2025-11-05 12:27:14,398 - INFO - Epoch 5 Training Loss: 6.3909
2025-11-05 12:32:26,808 - INFO - Epoch 5 Validation Loss: 4.6080
2025-11-05 12:32:39,152 - INFO - Best model saved to results/best_model.pt
2025-11-05 12:57:49,577 - INFO - Epoch 6 Training Loss: 5.8311
2025-11-05 13:02:55,920 - INFO - Epoch 6 Validation Loss: 4.0678
2025-11-05 13:03:07,254 - INFO - Best model saved to results/best_model.pt
2025-11-05 13:28:05,336 - INFO - Epoch 7 Training Loss: 5.4692
2025-11-05 13:33:14,441 - INFO - Epoch 7 Validation Loss: 3.9586
2025-11-05 13:33:29,785 - INFO - Best model saved to results/best_model.pt
2025-11-05 13:58:39,015 - INFO - Epoch 8 Training Loss: 5.0265
2025-11-05 14:03:47,529 - INFO - Epoch 8 Validation Loss: 3.6813
2025-11-05 14:03:59,873 - INFO - Best model saved to results/best_model.pt
2025-11-05 14:29:01,899 - INFO - Epoch 9 Training Loss: 4.6356
2025-11-05 14:34:11,014 - INFO - Epoch 9 Validation Loss: 3.6493
2025-11-05 14:34:23,358 - INFO - Best model saved to results/best_model.pt
2025-11-05 14:59:22,176 - INFO - Epoch 10 Training Loss: 4.4094
2025-11-05 15:04:39,680 - INFO - Epoch 10 Validation Loss: 3.6869
2025-11-05 15:04:49,024 - INFO - Best model saved to results/best_model.pt
2025-11-05 15:29:56,385 - INFO - Epoch 11 Training Loss: 4.1383
2025-11-05 15:35:05,899 - INFO - Epoch 11 Validation Loss: 3.6809
2025-11-05 15:35:14,243 - INFO - Best model saved to results/best_model.pt
2025-11-05 16:00:19,004 - INFO - Epoch 12 Training Loss: 3.9492
2025-11-05 16:05:27,518 - INFO - Epoch 12 Validation Loss: 3.6354
2025-11-05 16:05:39,862 - INFO - Best model saved to results/best_model.pt
2025-11-05 16:30:41,213 - INFO - Epoch 13 Training Loss: 3.8155
2025-11-05 16:35:50,328 - INFO - Epoch 13 Validation Loss: 3.6128
2025-11-05 16:36:01,672 - INFO - Best model saved to results/best_model.pt
2025-11-05 17:01:05,882 - INFO - Epoch 14 Training Loss: 3.6149
2025-11-05 17:06:17,396 - INFO - Epoch 14 Validation Loss: 3.6003
2025-11-05 17:06:29,740 - INFO - Best model saved to results/best_model.pt
2025-11-05 17:31:31,051 - INFO - Epoch 15 Training Loss: 3.5143
2025-11-05 17:36:42,565 - INFO - Epoch 15 Validation Loss: 3.5619
2025-11-05 17:36:51,909 - INFO - Best model saved to results/best_model.pt
2025-11-05 18:02:08,720 - INFO - Epoch 16 Training Loss: 3.4559
2025-11-05 18:07:18,234 - INFO - Epoch 16 Validation Loss: 3.5845
2025-11-05 18:07:27,578 - INFO - Best model saved to results/best_model.pt
2025-11-05 18:32:16,339 - INFO - Epoch 17 Training Loss: 3.3689
2025-11-05 18:37:32,853 - INFO - Epoch 17 Validation Loss: 3.5912
2025-11-05 18:37:41,197 - INFO - Best model saved to results/best_model.pt
2025-11-05 19:02:49,908 - INFO - Epoch 18 Training Loss: 3.3350
2025-11-05 19:08:01,422 - INFO - Epoch 18 Validation Loss: 3.6242
2025-11-05 19:08:12,766 - INFO - Best model saved to results/best_model.pt
2025-11-05 19:33:07,177 - INFO - Epoch 19 Training Loss: 3.2562
2025-11-05 19:38:18,691 - INFO - Epoch 19 Validation Loss: 3.6075
2025-11-05 19:38:29,035 - INFO - Best model saved to results/best_model.pt
2025-11-05 20:03:38,846 - INFO - Epoch 20 Training Loss: 3.2034
2025-11-05 20:08:45,360 - INFO - Epoch 20 Validation Loss: 3.5700
2025-11-05 20:08:57,704 - INFO - Best model saved to results/best_model.pt
2025-11-05 20:34:01,015 - INFO - Epoch 21 Training Loss: 3.2155
2025-11-05 20:39:10,529 - INFO - Epoch 21 Validation Loss: 3.6053
2025-11-05 20:39:24,873 - INFO - Best model saved to results/best_model.pt
2025-11-05 21:04:22,684 - INFO - Epoch 22 Training Loss: 3.1563
2025-11-05 21:09:37,198 - INFO - Epoch 22 Validation Loss: 3.5948
2025-11-05 21:09:49,542 - INFO - Best model saved to results/best_model.pt
2025-11-05 21:34:51,453 - INFO - Epoch 23 Training Loss: 3.1344
2025-11-05 21:40:04,967 - INFO - Epoch 23 Validation Loss: 3.5917
2025-11-05 21:40:18,311 - INFO - Best model saved to results/best_model.pt
2025-11-05 22:05:11,122 - INFO - Epoch 24 Training Loss: 3.0935
2025-11-05 22:10:28,636 - INFO - Epoch 24 Validation Loss: 3.6069
2025-11-05 22:10:38,980 - INFO - Best model saved to results/best_model.pt
2025-11-05 22:35:46,791 - INFO - Epoch 25 Training Loss: 3.0868
2025-11-05 22:40:53,305 - INFO - Epoch 25 Validation Loss: 3.6103
2025-11-05 22:41:07,649 - INFO - Best model saved to results/best_model.pt
2025-11-05 23:06:01,360 - INFO - Epoch 26 Training Loss: 3.0789
2025-11-05 23:11:18,874 - INFO - Epoch 26 Validation Loss: 3.6084
2025-11-05 23:11:28,218 - INFO - Best model saved to results/best_model.pt
2025-11-05 23:36:26,979 - INFO - Epoch 27 Training Loss: 3.0539
2025-11-05 23:41:40,493 - INFO - Epoch 27 Validation Loss: 3.5933
2025-11-05 23:41:54,837 - INFO - Best model saved to results/best_model.pt
2025-11-06 00:07:01,548 - INFO - Epoch 28 Training Loss: 3.0576
2025-11-06 00:12:09,062 - INFO - Epoch 28 Validation Loss: 3.5978
2025-11-06 00:12:18,406 - INFO - Best model saved to results/best_model.pt
2025-11-06 00:37:15,117 - INFO - Epoch 29 Training Loss: 3.0405
2025-11-06 00:42:33,631 - INFO - Epoch 29 Validation Loss: 3.6021
2025-11-06 00:42:42,975 - INFO - Best model saved to results/best_model.pt
2025-11-06 01:07:49,786 - INFO - Epoch 30 Training Loss: 3.0357
2025-11-06 01:12:56,300 - INFO - Epoch 30 Validation Loss: 3.6056
2025-11-06 01:13:08,644 - INFO - Best model saved to results/best_model.pt
2025-11-06 01:13:21,055 - INFO - Training complete.