2025-11-06 18:00:09,876 - INFO - Using device: cuda
2025-11-06 18:00:18,387 - INFO - Source vocab size: 40748, Target vocab size: 23709
2025-11-06 18:00:32,731 - INFO - Model created with 28,116,159 trainable parameters.
2025-11-06 18:25:46,942 - INFO - Epoch 1 Training Loss: 10.1740
2025-11-06 18:30:55,456 - INFO - Epoch 1 Validation Loss: 10.5601
2025-11-06 18:31:07,800 - INFO - Best model saved to results/best_model.pt
2025-11-06 18:56:06,611 - INFO - Epoch 2 Training Loss: 9.3135
2025-11-06 19:01:19,125 - INFO - Epoch 2 Validation Loss: 8.4489
2025-11-06 19:01:28,469 - INFO - Best model saved to results/best_model.pt
2025-11-06 19:26:37,280 - INFO - Epoch 3 Training Loss: 9.3186
2025-11-06 19:31:43,794 - INFO - Epoch 3 Validation Loss: 6.8651
2025-11-06 19:31:57,138 - INFO - Best model saved to results/best_model.pt
2025-11-06 19:57:05,849 - INFO - Epoch 4 Training Loss: 8.3669
2025-11-06 20:02:14,363 - INFO - Epoch 4 Validation Loss: 6.1954
2025-11-06 20:02:23,707 - INFO - Best model saved to results/best_model.pt
2025-11-06 20:27:32,418 - INFO - Epoch 5 Training Loss: 8.3386
2025-11-06 20:32:49,932 - INFO - Epoch 5 Validation Loss: 5.6522
2025-11-06 20:32:59,276 - INFO - Best model saved to results/best_model.pt
2025-11-06 20:58:07,987 - INFO - Epoch 6 Training Loss: 8.2368
2025-11-06 21:03:16,501 - INFO - Epoch 6 Validation Loss: 5.1067
2025-11-06 21:03:25,845 - INFO - Best model saved to results/best_model.pt
2025-11-06 21:28:34,556 - INFO - Epoch 7 Training Loss: 7.3986
2025-11-06 21:33:53,070 - INFO - Epoch 7 Validation Loss: 5.3436
2025-11-06 21:34:02,414 - INFO - Best model saved to results/best_model.pt
2025-11-06 21:59:11,125 - INFO - Epoch 8 Training Loss: 7.1662
2025-11-06 22:04:19,639 - INFO - Epoch 8 Validation Loss: 4.9438
2025-11-06 22:04:33,983 - INFO - Best model saved to results/best_model.pt
2025-11-06 22:29:42,744 - INFO - Epoch 9 Training Loss: 6.9845
2025-11-06 22:34:51,258 - INFO - Epoch 9 Validation Loss: 4.5749
2025-11-06 22:35:00,602 - INFO - Best model saved to results/best_model.pt
2025-11-06 22:59:09,313 - INFO - Epoch 10 Training Loss: 6.6533
2025-11-06 23:04:27,827 - INFO - Epoch 10 Validation Loss: 4.8031
2025-11-06 23:04:37,171 - INFO - Best model saved to results/best_model.pt
2025-11-06 23:30:45,882 - INFO - Epoch 11 Training Loss: 6.3006
2025-11-06 23:35:54,396 - INFO - Epoch 11 Validation Loss: 4.5186
2025-11-06 23:36:03,740 - INFO - Best model saved to results/best_model.pt
2025-11-07 00:01:12,451 - INFO - Epoch 12 Training Loss: 6.2871
2025-11-07 00:06:19,965 - INFO - Epoch 12 Validation Loss: 4.7418
2025-11-07 00:06:34,309 - INFO - Best model saved to results/best_model.pt
2025-11-07 00:31:43,020 - INFO - Epoch 13 Training Loss: 5.9771
2025-11-07 00:36:51,534 - INFO - Epoch 13 Validation Loss: 4.7678
2025-11-07 00:37:00,878 - INFO - Best model saved to results/best_model.pt
2025-11-07 01:02:09,589 - INFO - Epoch 14 Training Loss: 5.9682
2025-11-07 01:07:18,103 - INFO - Epoch 14 Validation Loss: 4.5018
2025-11-07 01:07:32,447 - INFO - Best model saved to results/best_model.pt
2025-11-07 01:32:41,258 - INFO - Epoch 15 Training Loss: 5.6790
2025-11-07 01:37:49,772 - INFO - Epoch 15 Validation Loss: 4.7139
2025-11-07 01:37:59,116 - INFO - Best model saved to results/best_model.pt
2025-11-07 02:03:07,827 - INFO - Epoch 16 Training Loss: 5.7652
2025-11-07 02:08:16,341 - INFO - Epoch 16 Validation Loss: 4.6440
2025-11-07 02:08:30,685 - INFO - Best model saved to results/best_model.pt
2025-11-07 02:33:39,396 - INFO - Epoch 17 Training Loss: 5.4331
2025-11-07 02:38:47,910 - INFO - Epoch 17 Validation Loss: 4.6862
2025-11-07 02:38:57,254 - INFO - Best model saved to results/best_model.pt
2025-11-07 03:04:05,963 - INFO - Epoch 18 Training Loss: 5.3567
2025-11-07 03:09:24,477 - INFO - Epoch 18 Validation Loss: 4.7940
2025-11-07 03:09:33,821 - INFO - Best model saved to results/best_model.pt
2025-11-07 03:34:42,532 - INFO - Epoch 19 Training Loss: 5.3355
2025-11-07 03:39:51,046 - INFO - Epoch 19 Validation Loss: 4.5780
2025-11-07 03:40:00,390 - INFO - Best model saved to results/best_model.pt
2025-11-07 04:05:09,101 - INFO - Epoch 20 Training Loss: 5.0887
2025-11-07 04:10:17,615 - INFO - Epoch 20 Validation Loss: 4.5345
2025-11-07 04:10:26,959 - INFO - Best model saved to results/best_model.pt
2025-11-07 04:35:35,620 - INFO - Epoch 21 Training Loss: 5.0982
2025-11-07 04:40:54,134 - INFO - Epoch 21 Validation Loss: 4.5280
2025-11-07 04:41:03,478 - INFO - Best model saved to results/best_model.pt
2025-11-07 05:06:12,189 - INFO - Epoch 22 Training Loss: 5.0793
2025-11-07 05:11:20,703 - INFO - Epoch 22 Validation Loss: 4.5393
2025-11-07 05:11:30,047 - INFO - Best model saved to results/best_model.pt
2025-11-07 05:36:38,758 - INFO - Epoch 23 Training Loss: 4.8243
2025-11-07 05:41:47,272 - INFO - Epoch 23 Validation Loss: 4.6020
2025-11-07 05:41:56,616 - INFO - Best model saved to results/best_model.pt
2025-11-07 06:07:05,327 - INFO - Epoch 24 Training Loss: 4.8562
2025-11-07 06:12:23,841 - INFO - Epoch 24 Validation Loss: 4.6336
2025-11-07 06:12:33,185 - INFO - Best model saved to results/best_model.pt
2025-11-07 06:37:41,896 - INFO - Epoch 25 Training Loss: 4.7929
2025-11-07 06:42:50,410 - INFO - Epoch 25 Validation Loss: 4.6263
2025-11-07 06:42:59,754 - INFO - Best model saved to results/best_model.pt
2025-11-07 07:08:08,465 - INFO - Epoch 26 Training Loss: 4.7570
2025-11-07 07:13:16,979 - INFO - Epoch 26 Validation Loss: 4.6613
2025-11-07 07:13:26,323 - INFO - Best model saved to results/best_model.pt
2025-11-07 07:38:35,034 - INFO - Epoch 27 Training Loss: 4.6066
2025-11-07 07:43:53,548 - INFO - Epoch 27 Validation Loss: 4.6030
2025-11-07 07:44:02,892 - INFO - Best model saved to results/best_model.pt
2025-11-07 08:09:11,603 - INFO - Epoch 28 Training Loss: 4.5568
2025-11-07 08:14:20,117 - INFO - Epoch 28 Validation Loss: 4.6903
2025-11-07 08:14:29,461 - INFO - Best model saved to results/best_model.pt
2025-11-07 08:39:38,172 - INFO - Epoch 29 Training Loss: 4.5913
2025-11-07 08:44:56,686 - INFO - Epoch 29 Validation Loss: 4.5822
2025-11-07 08:45:06,030 - INFO - Best model saved to results/best_model.pt
2025-11-07 09:10:14,741 - INFO - Epoch 30 Training Loss: 4.5415
2025-11-07 09:15:23,255 - INFO - Epoch 30 Validation Loss: 4.7494
2025-11-07 09:15:32,599 - INFO - Best model saved to results/best_model.pt
2025-11-07 09:15:44,010 - INFO - Training complete.